
> nextn@0.1.0 build
> NODE_ENV=production next build

'NODE_ENV' is not recognized as an internal or external command,
operable program or batch file.
